#-----------------------------------------------------------
# Vivado v2017.4 (64-bit)
# SW Build 2086221 on Fri Dec 15 20:55:39 MST 2017
# IP Build 2085800 on Fri Dec 15 22:25:07 MST 2017
# Start of session at: Fri Sep 28 16:11:12 2018
# Process ID: 12344
# Current directory: D:/adi_9234/ad9234-6-Laser
# Command line: vivado.exe -gui_launcher_event rodinguilauncherevent12764 D:\adi_9234\ad9234-6-Laser\daq2_zcu102.xpr
# Log file: D:/adi_9234/ad9234-6-Laser/vivado.log
# Journal file: D:/adi_9234/ad9234-6-Laser\vivado.jou
#-----------------------------------------------------------
start_gui
open_project D:/adi_9234/ad9234-6-Laser/daq2_zcu102.xpr
update_compile_order -fileset sources_1
open_bd_design {D:/adi_9234/ad9234-6-Laser/daq2_zcu102.srcs/sources_1/bd/system/system.bd}
startgroup
set_property -dict [list CONFIG.HIGH_PERIOD {0x00000007} CONFIG.TOTAL_PERIOD {0x0003D090}] [get_bd_cells start_LD_0]
endgroup
save_bd_design
reset_run synth_1
launch_runs impl_1 -to_step write_bitstream -jobs 4
wait_on_run impl_1
file copy -force D:/adi_9234/ad9234-6-Laser/daq2_zcu102.runs/impl_1/system_top.sysdef D:/adi_9234/ad9234-6-Laser/daq2_zcu102.sdk/system_top.hdf

launch_sdk -workspace D:/adi_9234/ad9234-6-Laser/daq2_zcu102.sdk -hwspec D:/adi_9234/ad9234-6-Laser/daq2_zcu102.sdk/system_top.hdf
update_module_reference system_start_LD_0_0
reset_run synth_1
launch_runs impl_1 -to_step write_bitstream -jobs 4
wait_on_run impl_1
open_hw
connect_hw_server -url localhost:3121
current_hw_target [get_hw_targets */xilinx_tcf/Digilent/210308A465EC]
set_property PARAM.FREQUENCY 15000000 [get_hw_targets */xilinx_tcf/Digilent/210308A465EC]
open_hw_target
current_hw_device [get_hw_devices xczu9_0]
refresh_hw_device -update_hw_probes false [lindex [get_hw_devices xczu9_0] 0]
current_hw_device [get_hw_devices arm_dap_1]
refresh_hw_device -update_hw_probes false [lindex [get_hw_devices arm_dap_1] 0]
current_hw_device [get_hw_devices xczu9_0]
disconnect_hw_server localhost:3121
connect_hw_server -url localhost:3121
current_hw_target [get_hw_targets */xilinx_tcf/Digilent/210308A465EC]
set_property PARAM.FREQUENCY 15000000 [get_hw_targets */xilinx_tcf/Digilent/210308A465EC]
open_hw_target
current_hw_device [get_hw_devices xczu9_0]
refresh_hw_device -update_hw_probes false [lindex [get_hw_devices xczu9_0] 0]
current_hw_device [get_hw_devices arm_dap_1]
refresh_hw_device -update_hw_probes false [lindex [get_hw_devices arm_dap_1] 0]
current_hw_device [get_hw_devices xczu9_0]
file copy -force D:/adi_9234/ad9234-6-Laser/daq2_zcu102.runs/impl_1/system_top.sysdef D:/adi_9234/ad9234-6-Laser/daq2_zcu102.sdk/system_top.hdf

